  Determining projects to restore...
  All projects are up-to-date for restore.
D:\CNPM\hotel-manager-service\check_tables.cs(6,17): warning CS7022: The entry point of the program is global code; ignoring 'TableChecker.Main()' entry point. [D:\CNPM\hotel-manager-service\HotelManagement.API.csproj]
D:\CNPM\hotel-manager-service\Services\BookingService.cs(163,87): error CS1061: 'Property' does not contain a definition for 'Partner' and no accessible extension method 'Partner' accepting a first argument of type 'Property' could be found (are you missing a using directive or an assembly reference?) [D:\CNPM\hotel-manager-service\HotelManagement.API.csproj]

Build FAILED.

D:\CNPM\hotel-manager-service\check_tables.cs(6,17): warning CS7022: The entry point of the program is global code; ignoring 'TableChecker.Main()' entry point. [D:\CNPM\hotel-manager-service\HotelManagement.API.csproj]
D:\CNPM\hotel-manager-service\Services\BookingService.cs(163,87): error CS1061: 'Property' does not contain a definition for 'Partner' and no accessible extension method 'Partner' accepting a first argument of type 'Property' could be found (are you missing a using directive or an assembly reference?) [D:\CNPM\hotel-manager-service\HotelManagement.API.csproj]
    1 Warning(s)
    1 Error(s)

Time Elapsed 00:00:01.75
